// Jest Snapshot v1, https://goo.gl/fbAQLP

exports[`field set model is added to schema 1`] = `
"### This file was generated by Nexus Schema
### Do not make changes to this file directly


type Query {
  ok: Boolean!
}

\\"\\"\\"

  Represents a set of fields. Grammatically, a field set
  is a selection set minus the braces. This means it can
  represent a single field \\"upc\\", multiple fields \\"id
  countryCode\\", and even nested selection sets \\"id organization
  { id }\\".
  
  [FieldSet - Apollo Federation 2.0 Subgraph Spec](https://www.apollographql.com/docs/federation/federation-spec/#scalar-fieldset)
  
\\"\\"\\"
scalar _FieldSet"
`;

exports[`field set model is added to types 1`] = `
"/**
 * This file was generated by Nexus Schema
 * Do not make changes to this file directly
 */







declare global {
  interface NexusGen extends NexusGenTypes {}
}

export interface NexusGenInputs {
}

export interface NexusGenEnums {
}

export interface NexusGenScalars {
  String: string
  Int: number
  Float: number
  Boolean: boolean
  ID: string
  _FieldSet: any
}

export interface NexusGenObjects {
  Query: {};
}

export interface NexusGenInterfaces {
}

export interface NexusGenUnions {
}

export type NexusGenRootTypes = NexusGenObjects

export type NexusGenAllTypes = NexusGenRootTypes & NexusGenScalars

export interface NexusGenFieldTypes {
  Query: { // field return type
    ok: boolean; // Boolean!
  }
}

export interface NexusGenFieldTypeNames {
  Query: { // field return type name
    ok: 'Boolean'
  }
}

export interface NexusGenArgTypes {
}

export interface NexusGenAbstractTypeMembers {
}

export interface NexusGenTypeInterfaces {
}

export type NexusGenObjectNames = keyof NexusGenObjects;

export type NexusGenInputNames = never;

export type NexusGenEnumNames = never;

export type NexusGenInterfaceNames = never;

export type NexusGenScalarNames = keyof NexusGenScalars;

export type NexusGenUnionNames = never;

export type NexusGenDirectives = never

export interface NexusGenDirectiveArgs {
}

export type NexusGenObjectsUsingAbstractStrategyIsTypeOf = never;

export type NexusGenAbstractsUsingStrategyResolveType = never;

export type NexusGenFeaturesConfig = {
  abstractTypeStrategies: {
    resolveType: true
    __typename: true
    isTypeOf: false
  }
}

export interface NexusGenTypes {
  context: any;
  inputTypes: NexusGenInputs;
  directives: NexusGenDirectives;
  directiveArgs: NexusGenDirectiveArgs;
  rootTypes: NexusGenRootTypes;
  inputTypeShapes: NexusGenInputs & NexusGenEnums & NexusGenScalars;
  argTypes: NexusGenArgTypes;
  fieldTypes: NexusGenFieldTypes;
  fieldTypeNames: NexusGenFieldTypeNames;
  allTypes: NexusGenAllTypes;
  typeInterfaces: NexusGenTypeInterfaces;
  objectNames: NexusGenObjectNames;
  inputNames: NexusGenInputNames;
  enumNames: NexusGenEnumNames;
  interfaceNames: NexusGenInterfaceNames;
  scalarNames: NexusGenScalarNames;
  unionNames: NexusGenUnionNames;
  allInputTypes: NexusGenTypes['inputNames'] | NexusGenTypes['enumNames'] | NexusGenTypes['scalarNames'];
  allOutputTypes: NexusGenTypes['objectNames'] | NexusGenTypes['enumNames'] | NexusGenTypes['unionNames'] | NexusGenTypes['interfaceNames'] | NexusGenTypes['scalarNames'];
  allNamedTypes: NexusGenTypes['allInputTypes'] | NexusGenTypes['allOutputTypes']
  abstractTypes: NexusGenTypes['interfaceNames'] | NexusGenTypes['unionNames'];
  abstractTypeMembers: NexusGenAbstractTypeMembers;
  objectsUsingAbstractStrategyIsTypeOf: NexusGenObjectsUsingAbstractStrategyIsTypeOf;
  abstractsUsingStrategyResolveType: NexusGenAbstractsUsingStrategyResolveType;
  features: NexusGenFeaturesConfig;
}


declare global {
  interface NexusGenPluginTypeConfig<TypeName extends string> {
    
  }
  interface NexusGenPluginInputTypeConfig<TypeName extends string> {
    
  }
  interface NexusGenPluginFieldConfig<TypeName extends string, FieldName extends string> {
    
  }
  interface NexusGenPluginInputFieldConfig<TypeName extends string, FieldName extends string> {
    
  }
  interface NexusGenPluginSchemaConfig {
  }
  interface NexusGenPluginArgConfig {
    
  }
}"
`;
